
> react-typescript-starter@0.1.0 test
> react-scripts test --coverage

Browserslist: caniuse-lite is outdated. Please run:
  npx browserslist@latest --update-db
  Why you should do it regularly: https://github.com/browserslist/browserslist#browsers-data-updating
PASS src/nested.test.ts
PASS src/arrays.test.ts
PASS src/objects.test.ts
PASS src/components/StartAttempt.test.tsx
PASS src/components/TwoDice.test.tsx
PASS src/bad-components/ChooseTeam.test.tsx
PASS src/bad-components/DoubleHalf.test.tsx
PASS src/HtmlCss.test.tsx
PASS src/functions.test.ts
PASS src/components/ChangeType.test.tsx
PASS src/components/CycleHoliday.test.tsx
PASS src/components/Counter.test.tsx
PASS src/components/RevealAnswer.test.tsx
PASS src/bad-components/ColoredBox.test.tsx
PASS src/bad-components/ShoveBox.test.tsx
PASS src/text.test.tsx
PASS src/App.test.tsx
--------------------|---------|----------|---------|---------|-------------------
File                | % Stmts | % Branch | % Funcs | % Lines | Uncovered Line #s 
--------------------|---------|----------|---------|---------|-------------------
All files           |     100 |    98.79 |     100 |     100 |                   
 src                |     100 |      100 |     100 |     100 |                   
  App.tsx           |     100 |      100 |     100 |     100 |                   
  arrays.ts         |     100 |      100 |     100 |     100 |                   
  functions.ts      |     100 |      100 |     100 |     100 |                   
  nested.ts         |     100 |      100 |     100 |     100 |                   
  objects.ts        |     100 |      100 |     100 |     100 |                   
 src/bad-components |     100 |       80 |     100 |     100 |                   
  ChooseTeam.tsx    |     100 |       80 |     100 |     100 | 17                
  ColoredBox.tsx    |     100 |      100 |     100 |     100 |                   
  DoubleHalf.tsx    |     100 |      100 |     100 |     100 |                   
  ShoveBox.tsx      |     100 |      100 |     100 |     100 |                   
 src/components     |     100 |      100 |     100 |     100 |                   
  ChangeType.tsx    |     100 |      100 |     100 |     100 |                   
  Counter.tsx       |     100 |      100 |     100 |     100 |                   
  CycleHoliday.tsx  |     100 |      100 |     100 |     100 |                   
  RevealAnswer.tsx  |     100 |      100 |     100 |     100 |                   
  StartAttempt.tsx  |     100 |      100 |     100 |     100 |                   
  TwoDice.tsx       |     100 |      100 |     100 |     100 |                   
 src/interfaces     |       0 |        0 |       0 |       0 |                   
  answer.ts         |       0 |        0 |       0 |       0 |                   
  question.ts       |       0 |        0 |       0 |       0 |                   
--------------------|---------|----------|---------|---------|-------------------

Test Suites: 17 passed, 17 total
Tests:       118 passed, 118 total
Snapshots:   0 total
Time:        11.016 s
Ran all test suites.
